<html lang="en">
<head>
<script src="//j.wovn.io/1" async="true" data-wovnio="key=zwBmtA&amp;backend=true&amp;currentLang=ja&amp;defaultLang=ja&amp;urlPattern=path&amp;langCodeAliases={}&amp;langParamName=wovn&amp;version=0.0.1"> </script>
<link rel="alternate" hreflang="en" href="http://localhost/en/index.php">
<link rel="alternate" hreflang="ja" href="http://localhost/index.php">
</head>
<body>
test
</body>
</html>
