<!DOCTYPE html><head><link rel="alternate" hreflang="en" href="http://my-site.com/english/"><link rel="alternate" hreflang="vi" href="http://my-site.com/vi/"><script src="//j.wovn.io/1" data-wovnio="key=123456&amp;backend=true&amp;currentLang=en&amp;defaultLang=en&amp;urlPattern=path&amp;langCodeAliases={&quot;en&quot;:&quot;english&quot;}&amp;langParamName=wovn" data-wovnio-info="version=WOVN.php_VERSION" async></script></head><body><p>example</p></body></html>
