<!DOCTYPE html>
<html>
<head><link rel="alternate" hreflang="en" href="http://ja.localhost/custom_en/t.php?hey=yo"><link rel="alternate" hreflang="vi" href="http://ja.localhost/vi/t.php?hey=yo"><link rel="alternate" hreflang="zh-Hant" href="http://ja.localhost/zh-CHT/t.php?hey=yo"><link rel="alternate" hreflang="zh-Hans" href="http://ja.localhost/custom_simple/t.php?hey=yo"><script src="//j.wovn.io/1" data-wovnio="key=toK3n&amp;backend=true&amp;currentLang=ja&amp;defaultLang=ja&amp;urlPattern=path&amp;langCodeAliases={&quot;en&quot;:&quot;custom_en&quot;,&quot;zh-CHS&quot;:&quot;custom_simple&quot;}&amp;version=WOVN.php" async></script>
</head>
<body>
</body>
</html>
