<!DOCTYPE html>
<html>
<head><link rel="alternate" hreflang="en" href="http://my-site.com/en/"><link rel="alternate" hreflang="vi" href="http://my-site.com/vi/"><link rel="alternate" hreflang="zh-Hant" href="http://my-site.com/zh-CHT/"><link rel="alternate" hreflang="zh-Hans" href="http://my-site.com/zh-CHS/"><script src="//j.wovn.io/1" data-wovnio="key=123456&amp;backend=true&amp;currentLang=ja&amp;defaultLang=ja&amp;urlPattern=path&amp;langCodeAliases=[]&amp;langParamName=wovn" data-wovnio-info="version=WOVN.php_VERSION" async></script><meta charset="utf-8">
<link rel="stylesheet" src="base.css">
<link rel="stylesheet" src="fake.css">
</head>
<body>
<p>Fake body</p>
</body>
</html>
