<!DOCTYPE html>
<html lang="en"><link rel="alternate" hreflang="en" href="http://ja.localhost/en/t.php?hey=yo"><link rel="alternate" hreflang="vi" href="http://ja.localhost/vi/t.php?hey=yo"><script src='//j.wovn.io/1' data-wovnio='key=toK3n' data-wovnio-type='backend_without_api' async></script>
</html>
