<html>
<head class="display:none"><link rel="alternate" hreflang="en" href="http://my-site.com/en/"><link rel="alternate" hreflang="vi" href="http://my-site.com/vi/"><script src="//j.wovn.io/1" data-wovnio="key=123456&amp;backend=true&amp;currentLang=ja&amp;defaultLang=ja&amp;urlPattern=path&amp;langCodeAliases=[]&amp;langParamName=wovn" data-wovnio-info="version=WOVN.php_VERSION" async></script><script type="text/javascript" src="fake.js"></script><link rel="stylesheet" src="fake.css"></head>
<body>
<p>Lorem ipsum</p>
</body>
</html>
