<!DOCTYPE html>
<html>
<head><link rel="alternate" hreflang="en" href="http://ja.localhost/en/t.php?hey=yo"><link rel="alternate" hreflang="vi" href="http://ja.localhost/vi/t.php?hey=yo"><script src="//j.wovn.io/1" data-wovnio="key=toK3n&amp;backend=true&amp;currentLang=ja&amp;defaultLang=ja&amp;urlPattern=path&amp;langCodeAliases=[]&amp;version=WOVN.php" data-wovnio-type="backend_without_api" async></script><script type="text/javascript" src="fake.js"></script></head>
<body style="container">
<p>Fake body</p>
</body>
</html>