<!DOCTYPE html>
<html>
<body style="container"><link rel="alternate" hreflang="en" href="http://my-site.com/en/"><link rel="alternate" hreflang="vi" href="http://my-site.com/vi/"><script src="//j.wovn.io/1" data-wovnio="key=123456&amp;backend=true&amp;currentLang=ja&amp;defaultLang=ja&amp;urlPattern=path&amp;langCodeAliases=[]&amp;langParamName=wovn" data-wovnio-info="version=WOVN.php_VERSION" async></script>
<p>Fake body</p>
</body>
</html>
